../Core/Src/main.c:111:5:main	120	static
../Core/Src/main.c:344:13:Display_InitialContent	16	static
../Core/Src/main.c:387:9:CheckForUserInput	4	static
../Core/Src/main.c:396:6:BSP_PB_Callback	16	static
../Core/Src/main.c:428:13:SystemClock_Config	128	static
../Core/Src/main.c:510:13:MPU_Config	24	static
../Core/Src/main.c:542:13:CPU_CACHE_Enable	24	static,ignoring_inline_asm
../Core/Src/main.c:556:13:MX_ADC3_Init	40	static
../Core/Src/main.c:614:13:MX_GPIO_Init	72	static
../Core/Src/main.c:1047:6:StartDefaultTask	16	static
../Core/Src/main.c:1067:6:Error_Handler	8	static,ignoring_inline_asm
