../Core/Src/stm32h7xx_it.c:76:6:NMI_Handler	4	static
../Core/Src/stm32h7xx_it.c:91:6:HardFault_Handler	4	static
../Core/Src/stm32h7xx_it.c:106:6:MemManage_Handler	4	static
../Core/Src/stm32h7xx_it.c:121:6:BusFault_Handler	4	static
../Core/Src/stm32h7xx_it.c:136:6:UsageFault_Handler	4	static
../Core/Src/stm32h7xx_it.c:151:6:DebugMon_Handler	4	static
../Core/Src/stm32h7xx_it.c:164:6:SysTick_Handler	8	static
../Core/Src/stm32h7xx_it.c:196:6:EXTI15_10_IRQHandler	8	static
../Core/Src/stm32h7xx_it.c:206:6:TIM3_IRQHandler	8	static
../Core/Src/stm32h7xx_it.c:213:6:USART3_IRQHandler	8	static
../Core/Src/stm32h7xx_it.c:223:6:DMA_SDRAM_INSTANCE_IRQHANDLER	8	static
../Core/Src/stm32h7xx_it.c:234:6:DMA2_Stream1_IRQHandler	8	static
../Core/Src/stm32h7xx_it.c:244:6:DMA2_Stream4_IRQHandler	8	static
../Core/Src/stm32h7xx_it.c:254:6:BDMA_Channel1_IRQHandler	8	static
../Core/Src/stm32h7xx_it.c:263:6:MDMA_IRQHandler	8	static
